gpu_name,gpu_price,retail_url,retailer_name,gpu_unit_name,base_tier_score,net_tier_score,non_rt_tier_score,price_per_base_tier,price_per_net_tier,price_per_non_rt_tier
Zotac Twin Edge Geforce RTX 3060 12GB,38500,https://www.techlandbd.com/product/2022,TechLand BD,Geforce RTX 3060 12GB,4,4.8,4.4,9625,8020.83333333333,8750
Gigabyte Gaming Geforce RTX 3070,111200,https://www.binarylogic.com/product/5008,Binary Logic,Geforce RTX 3070,7,7.7,7,15885.7142857143,14441.5584415584,15885.7142857143
MSI Ventus Geforce RTX 3080 10GB,44500,https://www.globalbrand.com/product/2838,Global Brand,Geforce RTX 3080 10GB,5,5.75,5.25,8900,7739.13043478261,8476.19047619048
Asus ROG Geforce RTX 3080 12GB,53000,https://www.globalbrand.com/product/3969,Global Brand,Geforce RTX 3080 12GB,5.5,6.6,6.325,9636.36363636364,8030.30303030303,8379.44664031621
Gunnir Intel Arc A750,42000,https://www.binarylogic.com/product/6321,Binary Logic,Intel Arc A750,3.5,3.5,3.325,12000,12000,12631.5789473684
Gunnir Intel Arc A770 16GB,31000,https://www.globalbrand.com/product/1955,Global Brand,Intel Arc A770 16GB,4,4.8,4.6,7750,6458.33333333333,6739.13043478261
XFX Radeon RX 6600,48000,https://www.ryanscomputer.com/product/7629,Ryans Computer,Radeon RX 6600,4,4.2,4,12000,11428.5714285714,12000
Sapphire Nitro+ Radeon RX 6700 XT,71500,https://www.techlandbd.com/product/1640,TechLand BD,Radeon RX 6700 XT,7,8.05,7.7,10214.2857142857,8881.98757763975,9285.71428571429
Sapphire Nitro+ Radeon RX 6800,61500,https://www.binarylogic.com/product/3249,Binary Logic,Radeon RX 6800,7.5,9.375,9,8200,6560,6833.33333333333
